// Jest Snapshot v1, https://goo.gl/fbAQLP

exports[`TicketColumn component renders initial TicketColumn component unchanged 1`] = `
<div>
  <div
    class="w-80 h-4/5 bg-slate-200 mr-4 mt-12 pt-2 text-center rounded-md"
  />
</div>
`;
